Archive member included to satisfy reference by file (symbol)

/opt/arm-linux-musleabi/bin/../lib/gcc/arm-linux-musleabi/7.3.0/../../../../arm-linux-musleabi/lib/libc_kernel.a(__environ.o)
                              build/kernel/components/libc/compilers/musl/libc.o (__environ)
/opt/arm-linux-musleabi/bin/../lib/gcc/arm-linux-musleabi/7.3.0/../../../../arm-linux-musleabi/lib/libc_kernel.a(getenv.o)
                              build/kernel/components/libc/compilers/musl/libc.o (getenv)
/opt/arm-linux-musleabi/bin/../lib/gcc/arm-linux-musleabi/7.3.0/../../../../arm-linux-musleabi/lib/libc_kernel.a(putenv.o)
                              build/kernel/components/libc/compilers/musl/libc.o (putenv)
/opt/arm-linux-musleabi/bin/../lib/gcc/arm-linux-musleabi/7.3.0/../../../../arm-linux-musleabi/lib/libc_kernel.a(setenv.o)
                              build/kernel/components/libc/compilers/musl/libc.o (setenv)
/opt/arm-linux-musleabi/bin/../lib/gcc/arm-linux-musleabi/7.3.0/../../../../arm-linux-musleabi/lib/libc_kernel.a(unsetenv.o)
                              /opt/arm-linux-musleabi/bin/../lib/gcc/arm-linux-musleabi/7.3.0/../../../../arm-linux-musleabi/lib/libc_kernel.a(putenv.o) (unsetenv)
/opt/arm-linux-musleabi/bin/../lib/gcc/arm-linux-musleabi/7.3.0/../../../../arm-linux-musleabi/lib/libc_kernel.a(fclose.o)
                              build/kernel/components/libc/compilers/musl/stdio.o (fclose)
/opt/arm-linux-musleabi/bin/../lib/gcc/arm-linux-musleabi/7.3.0/../../../../arm-linux-musleabi/lib/libc_kernel.a(fflush.o)
                              /opt/arm-linux-musleabi/bin/../lib/gcc/arm-linux-musleabi/7.3.0/../../../../arm-linux-musleabi/lib/libc_kernel.a(fclose.o) (fflush)
/opt/arm-linux-musleabi/bin/../lib/gcc/arm-linux-musleabi/7.3.0/../../../../arm-linux-musleabi/lib/libc_kernel.a(fileno.o)
                              build/kernel/components/libc/compilers/musl/stdio.o (fileno)
/opt/arm-linux-musleabi/bin/../lib/gcc/arm-linux-musleabi/7.3.0/../../../../arm-linux-musleabi/lib/libc_kernel.a(fopen.o)
                              build/kernel/components/libc/compilers/musl/stdio.o (fopen)
/opt/arm-linux-musleabi/bin/../lib/gcc/arm-linux-musleabi/7.3.0/../../../../arm-linux-musleabi/lib/libc_kernel.a(getchar.o)
                              build/kernel/components/finsh/shell.o (getchar)
/opt/arm-linux-musleabi/bin/../lib/gcc/arm-linux-musleabi/7.3.0/../../../../arm-linux-musleabi/lib/libc_kernel.a(ofl.o)
                              /opt/arm-linux-musleabi/bin/../lib/gcc/arm-linux-musleabi/7.3.0/../../../../arm-linux-musleabi/lib/libc_kernel.a(fclose.o) (__ofl_lock)
/opt/arm-linux-musleabi/bin/../lib/gcc/arm-linux-musleabi/7.3.0/../../../../arm-linux-musleabi/lib/libc_kernel.a(printf.o)
                              build/kernel/components/libc/compilers/musl/libc.o (printf)
/opt/arm-linux-musleabi/bin/../lib/gcc/arm-linux-musleabi/7.3.0/../../../../arm-linux-musleabi/lib/libc_kernel.a(setvbuf.o)
                              build/kernel/components/libc/compilers/musl/stdio.o (setvbuf)
/opt/arm-linux-musleabi/bin/../lib/gcc/arm-linux-musleabi/7.3.0/../../../../arm-linux-musleabi/lib/libc_kernel.a(snprintf.o)
                              build/kernel/components/finsh/msh.o (snprintf)
/opt/arm-linux-musleabi/bin/../lib/gcc/arm-linux-musleabi/7.3.0/../../../../arm-linux-musleabi/lib/libc_kernel.a(stdin.o)
                              /opt/arm-linux-musleabi/bin/../lib/gcc/arm-linux-musleabi/7.3.0/../../../../arm-linux-musleabi/lib/libc_kernel.a(getchar.o) (__stdin_FILE)
/opt/arm-linux-musleabi/bin/../lib/gcc/arm-linux-musleabi/7.3.0/../../../../arm-linux-musleabi/lib/libc_kernel.a(stdout.o)
                              /opt/arm-linux-musleabi/bin/../lib/gcc/arm-linux-musleabi/7.3.0/../../../../arm-linux-musleabi/lib/libc_kernel.a(printf.o) (__stdout_FILE)
/opt/arm-linux-musleabi/bin/../lib/gcc/arm-linux-musleabi/7.3.0/../../../../arm-linux-musleabi/lib/libc_kernel.a(vfprintf.o)
                              /opt/arm-linux-musleabi/bin/../lib/gcc/arm-linux-musleabi/7.3.0/../../../../arm-linux-musleabi/lib/libc_kernel.a(printf.o) (vfprintf)
/opt/arm-linux-musleabi/bin/../lib/gcc/arm-linux-musleabi/7.3.0/../../../../arm-linux-musleabi/lib/libc_kernel.a(vsnprintf.o)
                              /opt/arm-linux-musleabi/bin/../lib/gcc/arm-linux-musleabi/7.3.0/../../../../arm-linux-musleabi/lib/libc_kernel.a(snprintf.o) (vsnprintf)
/opt/arm-linux-musleabi/bin/../lib/gcc/arm-linux-musleabi/7.3.0/../../../../arm-linux-musleabi/lib/libc_kernel.a(atoi.o)
                              build/kernel/components/lwp/lwp_pid.o (atoi)
/opt/arm-linux-musleabi/bin/../lib/gcc/arm-linux-musleabi/7.3.0/../../../../arm-linux-musleabi/lib/libc_kernel.a(memcpy_le.o)
                              build/kernel/src/signal.o (memcpy)
/opt/arm-linux-musleabi/bin/../lib/gcc/arm-linux-musleabi/7.3.0/../../../../arm-linux-musleabi/lib/libc_kernel.a(memcmp.o)
[...]
Memory Configuration

Name             Origin             Length             Attributes
*default*        0x0000000000000000 0xffffffffffffffff

Linker script and memory map

LOAD /opt/arm-linux-musleabi/bin/../lib/gcc/arm-linux-musleabi/7.3.0/libgcc.a
LOAD build/libcpu/backtrace.o
LOAD build/libcpu/cache.o
LOAD build/libcpu/cpu.o
LOAD build/libcpu/cpuport.o
LOAD build/libcpu/interrupt.o
LOAD build/libcpu/mmu.o
LOAD build/libcpu/page.o
LOAD build/libcpu/rt_low_level_init.o
LOAD build/libcpu/stack.o
LOAD build/libcpu/trap.o
LOAD build/libcpu/context_gcc.o
LOAD build/libcpu/cp15_gcc.o
LOAD build/libcpu/mmu_gcc.o
LOAD build/libcpu/start_gcc.o
LOAD build/drivers/board.o
LOAD build/drivers/drv_clock.o
LOAD build/drivers/drv_gpio.o
LOAD build/drivers/drv_uart.o
LOAD build/drivers/drv_wdg.o
LOAD build/applications/main.o
LOAD build/kernel/src/clock.o
LOAD build/kernel/src/components.o
LOAD build/kernel/src/device.o
LOAD build/kernel/src/idle.o
LOAD build/kernel/src/ipc.o
LOAD build/kernel/src/irq.o
LOAD build/kernel/src/kservice.o
LOAD build/kernel/src/memheap.o
LOAD build/kernel/src/mempool.o
LOAD build/kernel/src/object.o
LOAD build/kernel/src/scheduler.o
LOAD build/kernel/src/signal.o
LOAD build/kernel/src/slab.o
LOAD build/kernel/src/thread.o
LOAD build/kernel/src/timer.o
LOAD build/kernel/components/lwp/ioremap.o
LOAD build/kernel/components/lwp/lwp.o
LOAD build/kernel/components/lwp/lwp_avl.o
LOAD build/kernel/components/lwp/lwp_console.o
LOAD build/kernel/components/lwp/lwp_futex.o
LOAD build/kernel/components/lwp/lwp_ipc.o
LOAD build/kernel/components/lwp/lwp_mm_area.o
LOAD build/kernel/components/lwp/lwp_pid.o
LOAD build/kernel/components/lwp/lwp_pmutex.o
LOAD build/kernel/components/lwp/lwp_shm.o
LOAD build/kernel/components/lwp/lwp_signal.o
LOAD build/kernel/components/lwp/lwp_syscall.o
LOAD build/kernel/components/lwp/lwp_tid.o
LOAD build/kernel/components/lwp/lwp_user_mm.o
LOAD build/kernel/components/lwp/arch/arm/arm926/lwp_gcc.o
LOAD build/kernel/components/lwp/arch/arm/common/reloc.o
LOAD build/kernel/components/lwp/arch/arm/arm926/arch_user_space_init.o
LOAD build/kernel/components/lwp/arch/arm/arm926/arch_user_stack.o
LOAD build/kernel/components/finsh/shell.o
LOAD build/kernel/components/finsh/cmd.o
LOAD build/kernel/components/finsh/msh.o
LOAD build/kernel/components/finsh/msh_file.o
LOAD build/kernel/components/libc/mmap/posix_mmap.o
LOAD build/kernel/components/libc/termios/posix_termios.o
LOAD build/kernel/components/libc/time/clock_time.o
LOAD build/kernel/components/libc/time/posix_sleep.o
LOAD build/kernel/components/libc/aio/posix_aio.o
LOAD build/kernel/components/libc/compilers/musl/libc.o
LOAD build/kernel/components/libc/compilers/musl/mem.o
LOAD build/kernel/components/libc/compilers/musl/stdio.o
LOAD build/kernel/components/libc/compilers/musl/time.o
LOAD build/kernel/components/dfs/src/dfs.o
LOAD build/kernel/components/dfs/src/dfs_file.o
LOAD build/kernel/components/dfs/src/dfs_fs.o
LOAD build/kernel/components/dfs/src/dfs_posix.o
LOAD build/kernel/components/dfs/src/poll.o
LOAD build/kernel/components/dfs/src/select.o
LOAD build/kernel/components/dfs/filesystems/devfs/devfs.o
LOAD build/kernel/components/dfs/filesystems/romfs/dfs_romfs.o
LOAD build/kernel/components/drivers/src/completion.o
LOAD build/kernel/components/drivers/src/dataqueue.o
LOAD build/kernel/components/drivers/src/pipe.o
LOAD build/kernel/components/drivers/src/ringblk_buf.o
LOAD build/kernel/components/drivers/src/ringbuffer.o
LOAD build/kernel/components/drivers/src/waitqueue.o
LOAD build/kernel/components/drivers/src/workqueue.o
LOAD build/kernel/components/drivers/serial/serial.o
LOAD build/kernel/components/drivers/watchdog/watchdog.o
START GROUP
LOAD /opt/arm-linux-musleabi/bin/../lib/gcc/arm-linux-musleabi/7.3.0/../../../../arm-linux-musleabi/lib/libc_kernel.a
LOAD /opt/arm-linux-musleabi/bin/../lib/gcc/arm-linux-musleabi/7.3.0/libgcc.a
END GROUP
LOAD /opt/arm-linux-musleabi/bin/../lib/gcc/arm-linux-musleabi/7.3.0/libgcc.a
LOAD /opt/arm-linux-musleabi/bin/../lib/gcc/arm-linux-musleabi/7.3.0/../../../../arm-linux-musleabi/lib/libgcc_s.so
START GROUP
LOAD /opt/arm-linux-musleabi/bin/../lib/gcc/arm-linux-musleabi/7.3.0/../../../../arm-linux-musleabi/lib/libgcc_s.so.1
LOAD /opt/arm-linux-musleabi/bin/../lib/gcc/arm-linux-musleabi/7.3.0/libgcc.a
END GROUP
LOAD /opt/arm-linux-musleabi/bin/../lib/gcc/arm-linux-musleabi/7.3.0/../../../../arm-linux-musleabi/lib/libc_kernel.a
LOAD /opt/arm-linux-musleabi/bin/../lib/gcc/arm-linux-musleabi/7.3.0/libgcc.a
LOAD /opt/arm-linux-musleabi/bin/../lib/gcc/arm-linux-musleabi/7.3.0/../../../../arm-linux-musleabi/lib/libgcc_s.so
START GROUP
LOAD /opt/arm-linux-musleabi/bin/../lib/gcc/arm-linux-musleabi/7.3.0/../../../../arm-linux-musleabi/lib/libgcc_s.so.1
LOAD /opt/arm-linux-musleabi/bin/../lib/gcc/arm-linux-musleabi/7.3.0/libgcc.a
END GROUP
START GROUP
LOAD /opt/arm-linux-musleabi/bin/../lib/gcc/arm-linux-musleabi/7.3.0/libgcc.a
LOAD /opt/arm-linux-musleabi/bin/../lib/gcc/arm-linux-musleabi/7.3.0/../../../../arm-linux-musleabi/lib/libgcc_s.so
START GROUP
LOAD /opt/arm-linux-musleabi/bin/../lib/gcc/arm-linux-musleabi/7.3.0/../../../../arm-linux-musleabi/lib/libgcc_s.so.1
LOAD /opt/arm-linux-musleabi/bin/../lib/gcc/arm-linux-musleabi/7.3.0/libgcc.a
END GROUP
LOAD /opt/arm-linux-musleabi/bin/../lib/gcc/arm-linux-musleabi/7.3.0/../../../../arm-linux-musleabi/lib/libc_kernel.a
END GROUP
                0x00000000c0000000                . = 0xc0000000
                0x00000000c0000000                __image_start = .
                0x00000000c0000000                __text_start = .

.text           0x00000000c0000000    0x2f4e8
 *(.vectors)
 .vectors       0x00000000c0000000       0x50 build/libcpu/start_gcc.o
                0x00000000c0000010                system_vectors
 build/libcpu/start_gcc.o(.text)
 .text          0x00000000c0000050      0x250 build/libcpu/start_gcc.o
                0x00000000c0000050                reset
                0x00000000c00001e4                enable_mmu
                0x00000000c0000240                set_process_id
 build/libcpu/mmu_gcc.o(.text)
 .text          0x00000000c00002a0       0x44 build/libcpu/mmu_gcc.o
                0x00000000c00002a0                switch_mmu
                0x00000000c00002c0                mmu_tlb_invalidate
                0x00000000c00002dc                mmu_table_get
 build/libcpu/cp15_gcc.o(.text)
 build/libcpu/context_gcc.o(.text)
 .text          0x00000000c00002e4       0x30 build/libcpu/context_gcc.o
                0x00000000c00002e4                rt_hw_interrupt_disable
                0x00000000c00002f4                rt_hw_interrupt_enable
                0x00000000c00002fc                rt_hw_context_switch_to
 *(.text)
 *fill*         0x00000000c0000314        0xc 00000000
 .text          0x00000000c0000320      0x328 build/kernel/components/lwp/arch/arm/arm926/lwp_gcc.o
                0x00000000c0000320                lwp_user_entry
                0x00000000c0000348                set_user_context
                0x00000000c0000380                lwp_set_thread_context
                0x00000000c00003b8                lwp_get_user_sp
                0x00000000c00003c8                sys_fork
                0x00000000c00003c8                sys_vfork
                0x00000000c00003d0                sys_fork_exit
                0x00000000c00003d8                sys_clone
                0x00000000c00003e0                sys_clone_exit
                0x00000000c00003e8                lwp_exec_user
                0x00000000c000040c                vector_swi
                0x00000000c0000474                ret_to_user
                0x00000000c000048c                lwp_check_exit
                0x00000000c000056c                check_vfp
                0x00000000c0000574                get_vfp
                0x00000000c0000578                rt_cpu_get_thread_idr
                0x00000000c0000580                lwp_set_thread_area
                0x00000000c0000580                rt_cpu_set_thread_idr
                0x00000000c00005a0                __kuser_helper_start
                0x00000000c0000640                __kuser_helper_end
 .text          0x00000000c0000648      0x2fc /opt/arm-linux-musleabi/bin/../lib/gcc/arm-linux-musleabi/7.3.0/../../../../arm-linux-musleabi/lib/libc_kernel.a(memcpy_le.o)
                0x00000000c0000648                memcpy
 .text          0x00000000c0000944       0x9c /opt/arm-linux-musleabi/bin/../lib/gcc/arm-linux-musleabi/7.3.0/../../../../arm-linux-musleabi/lib/libc_kernel.a(atomics.o)
                0x00000000c0000944                __a_barrier_dummy
                0x00000000c0000948                __a_barrier_oldkuser
                0x00000000c0000968                __a_barrier_v6
                0x00000000c0000970                __a_barrier_v7
                0x00000000c0000978                __a_cas_dummy
                0x00000000c000098c                __a_cas_v6
                0x00000000c00009b0                __a_cas_v7
                0x00000000c00009d4                __a_gettp_cp15
 .text          0x00000000c00009e0       0x2c /opt/arm-linux-musleabi/bin/../lib/gcc/arm-linux-musleabi/7.3.0/../../../../arm-linux-musleabi/lib/libc_kernel.a(syscall.o)
                0x00000000c00009e0                __syscall
                0x00000000c00009e4                syscall
 .text          0x00000000c0000a0c      0x20c /opt/arm-linux-musleabi/bin/../lib/gcc/arm-linux-musleabi/7.3.0/libgcc.a(_udivsi3.o)
                0x00000000c0000a0c                __udivsi3
                0x00000000c0000a0c                __aeabi_uidiv
                0x00000000c0000bf8                __aeabi_uidivmod
 .text          0x00000000c0000c18      0x240 /opt/arm-linux-musleabi/bin/../lib/gcc/arm-linux-musleabi/7.3.0/libgcc.a(_divsi3.o)
                0x00000000c0000c18                __aeabi_idiv
                0x00000000c0000c18                __divsi3
                0x00000000c0000e38                __aeabi_idivmod
 .text          0x00000000c0000e58      0x3c0 /opt/arm-linux-musleabi/bin/../lib/gcc/arm-linux-musleabi/7.3.0/libgcc.a(_arm_addsubdf3.o)
                0x00000000c0000e58                __aeabi_drsub
                0x00000000c0000e60                __aeabi_dsub
                0x00000000c0000e60                __subdf3
                0x00000000c0000e64                __adddf3
                0x00000000c0000e64                __aeabi_dadd
                0x00000000c0001110                __aeabi_ui2d
                0x00000000c0001110                __floatunsidf
                0x00000000c0001134                __floatsidf
                0x00000000c0001134                __aeabi_i2d
                0x00000000c000115c                __extendsfdf2
                0x00000000c000115c                __aeabi_f2d
                0x00000000c00011a4                __aeabi_ul2d
                0x00000000c00011a4                __floatundidf
                0x00000000c00011b8                __floatdidf
                0x00000000c00011b8                __aeabi_l2d
 .text          0x00000000c0001218      0x470 /opt/arm-linux-musleabi/bin/../lib/gcc/arm-linux-musleabi/7.3.0/libgcc.a(_arm_muldivdf3.o)
                0x00000000c0001218                __aeabi_dmul
                0x00000000c0001218                __muldf3
                0x00000000c0001484                __aeabi_ddiv
                0x00000000c0001484                __divdf3
 .text          0x00000000c0001688      0x12c /opt/arm-linux-musleabi/bin/../lib/gcc/arm-linux-musleabi/7.3.0/libgcc.a(_arm_cmpdf2.o)
                0x00000000c0001688                __gtdf2
                0x00000000c0001688                __gedf2
                0x00000000c0001690                __ltdf2
                0x00000000c0001690                __ledf2
                0x00000000c0001698                __cmpdf2
                0x00000000c0001698                __eqdf2
                0x00000000c0001698                __nedf2
                0x00000000c0001720                __aeabi_cdrcmple
                0x00000000c000173c                __aeabi_cdcmple
                0x00000000c000173c                __aeabi_cdcmpeq
                0x00000000c0001750                __aeabi_dcmpeq
                0x00000000c0001764                __aeabi_dcmplt
                0x00000000c0001778                __aeabi_dcmple
                0x00000000c000178c                __aeabi_dcmpge
                0x00000000c00017a0                __aeabi_dcmpgt
 .text          0x00000000c00017b4       0x5c /opt/arm-linux-musleabi/bin/../lib/gcc/arm-linux-musleabi/7.3.0/libgcc.a(_arm_fixdfsi.o)
                0x00000000c00017b4                __fixdfsi
                0x00000000c00017b4                __aeabi_d2iz
 .text          0x00000000c0001810       0x54 /opt/arm-linux-musleabi/bin/../lib/gcc/arm-linux-musleabi/7.3.0/libgcc.a(_arm_fixunsdfsi.o)
                0x00000000c0001810                __fixunsdfsi
                0x00000000c0001810                __aeabi_d2uiz
 .text          0x00000000c0001864       0x3c /opt/arm-linux-musleabi/bin/../lib/gcc/arm-linux-musleabi/7.3.0/libgcc.a(_aeabi_uldivmod.o)
                0x00000000c0001864                __aeabi_uldivmod
 .text          0x00000000c00018a0       0x10 /opt/arm-linux-musleabi/bin/../lib/gcc/arm-linux-musleabi/7.3.0/libgcc.a(_dvmd_lnx.o)
                0x00000000c00018a0                __aeabi_ldiv0
                0x00000000c00018a0                __aeabi_idiv0
 .text          0x00000000c00018b0      0x158 /opt/arm-linux-musleabi/bin/../lib/gcc/arm-linux-musleabi/7.3.0/libgcc.a(_udivmoddi4.o)
                0x00000000c00018b0                __udivmoddi4
 *(.text.*)
 .text.unwind_frame
                0x00000000c0001a08      0x83c build/libcpu/backtrace.o
                0x00000000c0001a08                unwind_frame
 .text.rt_unwind
                0x00000000c0002244       0x9c build/libcpu/backtrace.o
                0x00000000c0002244                rt_unwind
 .text.rt_hw_cpu_dcache_clean
                0x00000000c00022e0       0x4c build/libcpu/cache.o
                0x00000000c00022e0                rt_hw_cpu_dcache_clean
 .text.rt_hw_cpu_icache_ops
                0x00000000c000232c       0x54 build/libcpu/cache.o
                0x00000000c000232c                rt_hw_cpu_icache_ops
 .text.rt_hw_cpu_dcache_ops
                0x00000000c0002380       0xa4 build/libcpu/cache.o
                0x00000000c0002380                rt_hw_cpu_dcache_ops
 .text.sys_cacheflush
                0x00000000c0002424       0xc8 build/libcpu/cache.o
                0x00000000c0002424                sys_cacheflush
 .text.machine_reset
                0x00000000c00024ec       0x24 build/libcpu/cpu.o
                0x00000000c00024ec                machine_reset
 .text.machine_shutdown
                0x00000000c0002510       0x18 build/libcpu/cpu.o
                0x00000000c0002510                machine_shutdown
 .text.rt_hw_cpu_shutdown
                0x00000000c0002528       0x48 build/libcpu/cpuport.o
                0x00000000c0002528                rt_hw_cpu_shutdown
 .text.rt_hw_interrupt_handler
                0x00000000c0002570       0x10 build/libcpu/interrupt.o
 .text.rt_hw_interrupt_init
                0x00000000c0002580       0xb8 build/libcpu/interrupt.o
                0x00000000c0002580                rt_hw_interrupt_init
 .text.rt_hw_interrupt_mask
                0x00000000c0002638       0x38 build/libcpu/interrupt.o
                0x00000000c0002638                rt_hw_interrupt_mask
 .text.rt_hw_interrupt_umask
                0x00000000c0002670       0x38 build/libcpu/interrupt.o
                0x00000000c0002670                rt_hw_interrupt_umask
 .text.rt_hw_interrupt_install
                0x00000000c00026a8       0x9c build/libcpu/interrupt.o
                0x00000000c00026a8                rt_hw_interrupt_install
 .text.rt_hw_interrupt_control
                0x00000000c0002744       0x64 build/libcpu/interrupt.o
                0x00000000c0002744                rt_hw_interrupt_control
 .text.rt_interrupt_dispatch
                0x00000000c00027a8       0x80 build/libcpu/interrupt.o
                0x00000000c00027a8                rt_interrupt_dispatch
 .text.__rt_hw_mmu_unmap
                0x00000000c0002828      0x100 build/libcpu/mmu.o
 .text.rt_hw_init_mmu_table
                0x00000000c0002928       0xb0 build/libcpu/mmu.o
                0x00000000c0002928                rt_hw_init_mmu_table
 .text.rt_hw_mmu_map_init
                0x00000000c00029d8       0xa8 build/libcpu/mmu.o
                0x00000000c00029d8                rt_hw_mmu_map_init
 .text.rt_hw_mmu_ioremap_init
                0x00000000c0002a80        0x8 build/libcpu/mmu.o
                0x00000000c0002a80                rt_hw_mmu_ioremap_init
 .text._rt_hw_mmu_map
                0x00000000c0002a88      0x30c build/libcpu/mmu.o
                0x00000000c0002a88                _rt_hw_mmu_map
 .text._rt_hw_mmu_map_auto
                0x00000000c0002d94      0x3a0 build/libcpu/mmu.o
                0x00000000c0002d94                _rt_hw_mmu_map_auto
 .text.rt_hw_mmu_map
                0x00000000c0003134       0x54 build/libcpu/mmu.o
                0x00000000c0003134                rt_hw_mmu_map
 .text.rt_hw_mmu_map_auto
                0x00000000c0003188       0x44 build/libcpu/mmu.o
                0x00000000c0003188                rt_hw_mmu_map_auto
 .text.rt_hw_mmu_unmap
                0x00000000c00031cc      0x12c build/libcpu/mmu.o
                0x00000000c00031cc                rt_hw_mmu_unmap
 .text.rt_hw_mmu_v2p
                0x00000000c00032f8       0xa4 build/libcpu/mmu.o
                0x00000000c00032f8                rt_hw_mmu_v2p
 .text.init_mm_setup
                0x00000000c000339c       0x88 build/libcpu/mmu.o
                0x00000000c000339c                init_mm_setup
 .text.list_page
                0x00000000c0003424       0xcc build/libcpu/page.o
                0x00000000c0003424                list_page
 .text.rt_page_bits
                0x00000000c00034f0       0x28 build/libcpu/page.o
                0x00000000c00034f0                rt_page_bits
 .text.rt_page_ref_inc
                0x00000000c0003518       0xa0 build/libcpu/page.o
                0x00000000c0003518                rt_page_ref_inc
 .text.rt_pages_alloc
                0x00000000c00035b8      0x1a0 build/libcpu/page.o
                0x00000000c00035b8                rt_pages_alloc
 .text.rt_pages_free
                0x00000000c0003758      0x1e8 build/libcpu/page.o
                0x00000000c0003758                rt_pages_free
 .text.rt_page_init
                0x00000000c0003940      0x2ac build/libcpu/page.o
                0x00000000c0003940                rt_page_init
 .text.rt_low_level_init
                0x00000000c0003bec       0x64 build/libcpu/rt_low_level_init.o
                0x00000000c0003bec                rt_low_level_init
 .text.rt_hw_stack_init
                0x00000000c0003c50       0x74 build/libcpu/stack.o
                0x00000000c0003c50                rt_hw_stack_init
 .text.rt_hw_trap_undef
                0x00000000c0003cc4      0x128 build/libcpu/trap.o
                0x00000000c0003cc4                rt_hw_trap_undef
 .text.rt_hw_trap_swi
                0x00000000c0003dec       0xe4 build/libcpu/trap.o
                0x00000000c0003dec                rt_hw_trap_swi
 .text.rt_hw_trap_pabt
                0x00000000c0003ed0      0x128 build/libcpu/trap.o
                0x00000000c0003ed0                rt_hw_trap_pabt
 .text.rt_hw_trap_dabt
                0x00000000c0003ff8      0x14c build/libcpu/trap.o
                0x00000000c0003ff8                rt_hw_trap_dabt
 .text.rt_hw_trap_resv
                0x00000000c0004144       0xe4 build/libcpu/trap.o
                0x00000000c0004144                rt_hw_trap_resv
 .text.rt_hw_trap_irq
                0x00000000c0004228        0x4 build/libcpu/trap.o
                0x00000000c0004228                rt_hw_trap_irq
 .text.rt_hw_trap_fiq
                0x00000000c000422c        0x4 build/libcpu/trap.o
                0x00000000c000422c                rt_hw_trap_fiq
 .text.isr      0x00000000c0004230       0xa4 build/libcpu/context_gcc.o
                0x00000000c0004230                rt_hw_context_switch
                0x00000000c0004268                rt_hw_context_switch_interrupt
                0x00000000c0004294                rt_hw_context_switch_exit
 *fill*         0x00000000c00042d4        0xc 00000000
 .text.isr      0x00000000c00042e0      0x35c build/libcpu/start_gcc.o
                0x00000000c00042e0                vector_fiq
                0x00000000c0004300                vector_irq
                0x00000000c0004480                vector_undef
                0x00000000c00044e0                vector_pabt
                0x00000000c0004560                vector_dabt
                0x00000000c00045e0                vector_resv
                0x00000000c0004624                rt_clz
 .text.os_clock_irq_handle
                0x00000000c000463c       0x1c build/drivers/board.o
 .text.rt_hw_board_init
                0x00000000c0004658      0x130 build/drivers/board.o
                0x00000000c0004658                rt_hw_board_init
 .text.ccu_init
                0x00000000c0004788       0x24 build/drivers/drv_clock.o
                0x00000000c0004788                ccu_init
 .text.apb_get_clk
                0x00000000c00047ac      0x180 build/drivers/drv_clock.o
                0x00000000c00047ac                apb_get_clk
 .text.bus_gate_clk_enalbe
                0x00000000c000492c       0x80 build/drivers/drv_clock.o
                0x00000000c000492c                bus_gate_clk_enalbe
 .text.bus_software_reset_disalbe
                0x00000000c00049ac       0x80 build/drivers/drv_clock.o
                0x00000000c00049ac                bus_software_reset_disalbe
 .text.bus_software_reset_enalbe
                0x00000000c0004a2c       0x80 build/drivers/drv_clock.o
                0x00000000c0004a2c                bus_software_reset_enalbe
 .text.gpio_irq_handler
                0x00000000c0004aac       0x7c build/drivers/drv_gpio.o
 .text.gpio_set_func
                0x00000000c0004b28       0xc8 build/drivers/drv_gpio.o
                0x00000000c0004b28                gpio_set_func
 .text.rt_hw_gpio_init
                0x00000000c0004bf0       0x98 build/drivers/drv_gpio.o
                0x00000000c0004bf0                rt_hw_gpio_init
 .text.uart_putc
                0x00000000c0004c88       0x24 build/drivers/drv_uart.o
 .text.uart_getc
                0x00000000c0004cac       0x20 build/drivers/drv_uart.o
 .text.uart_dma_transmit
                0x00000000c0004ccc        0x8 build/drivers/drv_uart.o
 .text.uart_control
                0x00000000c0004cd4       0x94 build/drivers/drv_uart.o
 .text.uart_configure
                0x00000000c0004d68      0x1c0 build/drivers/drv_uart.o
 .text.uart_irq_handler
                0x00000000c0004f28       0xec build/drivers/drv_uart.o
                0x00000000c0004f28                uart_irq_handler
 .text.rt_hw_uart_init
                0x00000000c0005014       0xac build/drivers/drv_uart.o
                0x00000000c0005014                rt_hw_uart_init
 .text.watchdog_init
                0x00000000c00050c0       0x4c build/drivers/drv_wdg.o
 .text.watchdog_ctrl
                0x00000000c000510c       0xf8 build/drivers/drv_wdg.o
 .text.rt_hw_wdt_init
                0x00000000c0005204       0x88 build/drivers/drv_wdg.o
                0x00000000c0005204                rt_hw_wdt_init
 .text.hw_watchdog_init
                0x00000000c000528c       0x34 build/drivers/drv_wdg.o
                0x00000000c000528c                hw_watchdog_init
 .text.hw_watchdog_start
                0x00000000c00052c0       0x38 build/drivers/drv_wdg.o
                0x00000000c00052c0                hw_watchdog_start
 .text.startup.main
                0x00000000c00052f8       0x1c build/applications/main.o
                0x00000000c00052f8                main
 .text.rt_tick_get
                0x00000000c0005314       0x10 build/kernel/src/clock.o
                0x00000000c0005314                rt_tick_get
 .text.rt_tick_sethook
                0x00000000c0005324       0x10 build/kernel/src/clock.o
                0x00000000c0005324                rt_tick_sethook
 .text.rt_tick_increase
                0x00000000c0005334       0x68 build/kernel/src/clock.o
                0x00000000c0005334                rt_tick_increase
 .text.rt_tick_from_millisecond
                0x00000000c000539c       0x5c build/kernel/src/clock.o
                0x00000000c000539c                rt_tick_from_millisecond
 .text.rti_start
                0x00000000c00053f8        0x8 build/kernel/src/components.o
 .text.main_thread_entry
                0x00000000c0005400       0x48 build/kernel/src/components.o
                0x00000000c0005400                main_thread_entry
 .text.rti_end  0x00000000c0005448        0x8 build/kernel/src/components.o
 .text.rti_board_start
                0x00000000c0005450        0x8 build/kernel/src/components.o
 .text.rti_board_end
                0x00000000c0005458        0x8 build/kernel/src/components.o
 .text.rt_components_board_init
                0x00000000c0005460       0x44 build/kernel/src/components.o
                0x00000000c0005460                rt_components_board_init
 .text.rtthread_startup
                0x00000000c00054a4       0x90 build/kernel/src/components.o
                0x00000000c00054a4                rtthread_startup
 .text.rt_device_register
                0x00000000c0005534       0xf8 build/kernel/src/device.o
                0x00000000c0005534                rt_device_register
 .text.rt_device_unregister
                0x00000000c000562c       0x80 build/kernel/src/device.o
                0x00000000c000562c                rt_device_unregister
 .text.rt_device_find
                0x00000000c00056ac       0xb0 build/kernel/src/device.o
                0x00000000c00056ac                rt_device_find
 .text.rt_device_init
                0x00000000c000575c       0x90 build/kernel/src/device.o
                0x00000000c000575c                rt_device_init
 .text.rt_device_open
                0x00000000c00057ec      0x148 build/kernel/src/device.o
                0x00000000c00057ec                rt_device_open
 .text.rt_device_close
                0x00000000c0005934       0xb8 build/kernel/src/device.o
                0x00000000c0005934                rt_device_close
 .text.rt_device_read
                0x00000000c00059ec       0xb0 build/kernel/src/device.o
                0x00000000c00059ec                rt_device_read
 .text.rt_device_write
                0x00000000c0005a9c       0xb4 build/kernel/src/device.o
                0x00000000c0005a9c                rt_device_write
 .text.rt_device_control
                0x00000000c0005b50       0x84 build/kernel/src/device.o
                0x00000000c0005b50                rt_device_control
 .text.rt_device_set_rx_indicate
                0x00000000c0005bd4       0x64 build/kernel/src/device.o
                0x00000000c0005bd4                rt_device_set_rx_indicate
 .text.rt_thread_idle_entry
                0x00000000c0005c38      0x134 build/kernel/src/idle.o
 .text.rt_thread_defunct_enqueue
                0x00000000c0005d6c       0x24 build/kernel/src/idle.o
                0x00000000c0005d6c                rt_thread_defunct_enqueue
 .text.rt_thread_idle_init
                0x00000000c0005d90       0x70 build/kernel/src/idle.o
                0x00000000c0005d90                rt_thread_idle_init
 .text._rt_mb_send_wait
                0x00000000c0005e00      0x320 build/kernel/src/ipc.o
 .text._rt_mb_recv
                0x00000000c0006120      0x360 build/kernel/src/ipc.o
 .text._rt_mq_recv
                0x00000000c0006480      0x3bc build/kernel/src/ipc.o
 .text._rt_mq_send_wait
                0x00000000c000683c      0x3c0 build/kernel/src/ipc.o
 .text.rt_sem_init
                0x00000000c0006bfc       0x7c build/kernel/src/ipc.o
                0x00000000c0006bfc                rt_sem_init
 .text.rt_sem_create
                0x00000000c0006c78       0xb0 build/kernel/src/ipc.o
                0x00000000c0006c78                rt_sem_create
 .text.rt_sem_delete
                0x00000000c0006d28      0x120 build/kernel/src/ipc.o
                0x00000000c0006d28                rt_sem_delete
 .text.rt_sem_take
                0x00000000c0006e48      0x264 build/kernel/src/ipc.o
                0x00000000c0006e48                rt_sem_take
 .text.rt_sem_take_interruptible
                0x00000000c00070ac      0x264 build/kernel/src/ipc.o
                0x00000000c00070ac                rt_sem_take_interruptible
 .text.rt_sem_trytake
                0x00000000c0007310      0x268 build/kernel/src/ipc.o
                0x00000000c0007310                rt_sem_trytake
 .text.rt_sem_release
                0x00000000c0007578       0xe0 build/kernel/src/ipc.o
                0x00000000c0007578                rt_sem_release
 .text.rt_mutex_init
                0x00000000c0007658       0x6c build/kernel/src/ipc.o
                0x00000000c0007658                rt_mutex_init
 .text.rt_mutex_detach
                0x00000000c00076c4       0xcc build/kernel/src/ipc.o
                0x00000000c00076c4                rt_mutex_detach
 .text.rt_mutex_create
                0x00000000c0007790       0x94 build/kernel/src/ipc.o
                0x00000000c0007790                rt_mutex_create
 .text.rt_mutex_delete
                0x00000000c0007824      0x120 build/kernel/src/ipc.o
                0x00000000c0007824                rt_mutex_delete
 .text.rt_mutex_take
                0x00000000c0007944      0x2ec build/kernel/src/ipc.o
                0x00000000c0007944                rt_mutex_take
 .text.rt_mutex_take_interruptible
                0x00000000c0007c30      0x2ec build/kernel/src/ipc.o
                0x00000000c0007c30                rt_mutex_take_interruptible
 .text.rt_mutex_release
                0x00000000c0007f1c      0x228 build/kernel/src/ipc.o
                0x00000000c0007f1c                rt_mutex_release
 .text.rt_event_create
                0x00000000c0008144       0x88 build/kernel/src/ipc.o
                0x00000000c0008144                rt_event_create
 .text.rt_event_delete
                0x00000000c00081cc      0x110 build/kernel/src/ipc.o
                0x00000000c00081cc                rt_event_delete
 .text.rt_event_send
                0x00000000c00082dc      0x170 build/kernel/src/ipc.o
                0x00000000c00082dc                rt_event_send
 .text.rt_event_recv
                0x00000000c000844c      0x30c build/kernel/src/ipc.o
                0x00000000c000844c                rt_event_recv
 .text.rt_mb_create
                0x00000000c0008758       0xd4 build/kernel/src/ipc.o
                0x00000000c0008758                rt_mb_create
 .text.rt_mb_delete
                0x00000000c000882c      0x168 build/kernel/src/ipc.o
                0x00000000c000882c                rt_mb_delete
 .text.rt_mb_send_wait
                0x00000000c0008994        0x8 build/kernel/src/ipc.o
                0x00000000c0008994                rt_mb_send_wait
 .text.rt_mb_send
                0x00000000c000899c        0xc build/kernel/src/ipc.o
                0x00000000c000899c                rt_mb_send
 .text.rt_mb_recv
                0x00000000c00089a8        0x8 build/kernel/src/ipc.o
                0x00000000c00089a8                rt_mb_recv
 .text.rt_mq_create
                0x00000000c00089b0      0x13c build/kernel/src/ipc.o
                0x00000000c00089b0                rt_mq_create
 .text.rt_mq_delete
                0x00000000c0008aec      0x168 build/kernel/src/ipc.o
                0x00000000c0008aec                rt_mq_delete
 .text.rt_mq_send
                0x00000000c0008c54       0x20 build/kernel/src/ipc.o
                0x00000000c0008c54                rt_mq_send
 .text.rt_mq_urgent
                0x00000000c0008c74      0x190 build/kernel/src/ipc.o
                0x00000000c0008c74                rt_mq_urgent
 .text.rt_mq_recv
                0x00000000c0008e04       0x1c build/kernel/src/ipc.o
                0x00000000c0008e04                rt_mq_recv
 .text.rt_interrupt_enter
                0x00000000c0008e20       0x48 build/kernel/src/irq.o
                0x00000000c0008e20                rt_interrupt_enter
 .text.rt_interrupt_leave
                0x00000000c0008e68       0x48 build/kernel/src/irq.o
                0x00000000c0008e68                rt_interrupt_leave
 .text.rt_interrupt_get_nest
                0x00000000c0008eb0       0x24 build/kernel/src/irq.o
                0x00000000c0008eb0                rt_interrupt_get_nest
 .text.print_number
                0x00000000c0008ed4      0x690 build/kernel/src/kservice.o
 .text.rt_get_errno
                0x00000000c0009564       0x34 build/kernel/src/kservice.o
                0x00000000c0009564                rt_get_errno
 .text.rt_set_errno
                0x00000000c0009598       0x90 build/kernel/src/kservice.o
                0x00000000c0009598                rt_set_errno
 .text._rt_errno
                0x00000000c0009628       0x30 build/kernel/src/kservice.o
                0x00000000c0009628                _rt_errno
 .text.___errno_location
                0x00000000c0009658       0x30 build/kernel/src/kservice.o
                0x00000000c0009658                ___errno_location
 .text.rt_memset
                0x00000000c0009688       0xc4 build/kernel/src/kservice.o
                0x00000000c0009688                rt_memset
 .text.rt_memcpy
                0x00000000c000974c      0x1a0 build/kernel/src/kservice.o
                0x00000000c000974c                rt_memcpy
 .text.rt_memmove
                0x00000000c00098ec      0x10c build/kernel/src/kservice.o
                0x00000000c00098ec                rt_memmove
 .text.rt_strncpy
                0x00000000c00099f8       0x48 build/kernel/src/kservice.o
                0x00000000c00099f8                rt_strncpy
 .text.rt_strncmp
                0x00000000c0009a40       0x8c build/kernel/src/kservice.o
                0x00000000c0009a40                rt_strncmp
 .text.rt_strcmp
                0x00000000c0009acc       0x34 build/kernel/src/kservice.o
                0x00000000c0009acc                rt_strcmp
 .text.rt_strlen
                0x00000000c0009b00       0x2c build/kernel/src/kservice.o
                0x00000000c0009b00                rt_strlen
 .text.rt_strdup
                0x00000000c0009b2c      0x1f8 build/kernel/src/kservice.o
                0x00000000c0009b2c                rt_strdup
 .text.rt_vsnprintf
                0x00000000c0009d24      0x82c build/kernel/src/kservice.o
                0x00000000c0009d24                rt_vsnprintf
 .text.rt_snprintf
                0x00000000c000a550       0x30 build/kernel/src/kservice.o
                0x00000000c000a550                rt_snprintf
 .text.rt_sprintf
                0x00000000c000a580       0x34 build/kernel/src/kservice.o
                0x00000000c000a580                rt_sprintf
 .text.rt_console_get_device
                0x00000000c000a5b4       0x10 build/kernel/src/kservice.o
                0x00000000c000a5b4                rt_console_get_device
 .text.rt_console_set_device
                0x00000000c000a5c4       0x54 build/kernel/src/kservice.o
                0x00000000c000a5c4                rt_console_set_device
 .text.rt_hw_console_output
                0x00000000c000a618        0x4 build/kernel/src/kservice.o
                0x00000000c000a618                rt_hw_console_output
 .text.rt_kprintf
                0x00000000c000a61c       0x98 build/kernel/src/kservice.o
                0x00000000c000a61c                rt_kprintf
 .text.rt_show_version
                0x00000000c000a6b4       0x58 build/kernel/src/kservice.o
                0x00000000c000a6b4                rt_show_version
 .text.rt_free_align
                0x00000000c000a70c        0x8 build/kernel/src/kservice.o
                0x00000000c000a70c                rt_free_align
 .text.__rt_ffs
                0x00000000c000a714       0x64 build/kernel/src/kservice.o
                0x00000000c000a714                __rt_ffs
 .text.rt_assert_handler
                0x00000000c000a778       0x5c build/kernel/src/kservice.o
                0x00000000c000a778                rt_assert_handler
 .text.rt_mp_create
                0x00000000c000a7d4      0x164 build/kernel/src/mempool.o
                0x00000000c000a7d4                rt_mp_create
 .text.rt_mp_free
                0x00000000c000a938       0x8c build/kernel/src/mempool.o
                0x00000000c000a938                rt_mp_free
 .text.rt_object_get_information
                0x00000000c000a9c4      0x100 build/kernel/src/object.o
                0x00000000c000a9c4                rt_object_get_information
 .text.rt_object_get_length
                0x00000000c000aac4      0x140 build/kernel/src/object.o
                0x00000000c000aac4                rt_object_get_length
 .text.rt_object_get_pointers
                0x00000000c000ac04      0x184 build/kernel/src/object.o
                0x00000000c000ac04                rt_object_get_pointers
 .text.rt_object_init
                0x00000000c000ad88      0x218 build/kernel/src/object.o
                0x00000000c000ad88                rt_object_init
 .text.rt_object_detach
                0x00000000c000afa0       0x7c build/kernel/src/object.o
                0x00000000c000afa0                rt_object_detach
 .text.rt_object_allocate
                0x00000000c000b01c      0x1f8 build/kernel/src/object.o
                0x00000000c000b01c                rt_object_allocate
 .text.rt_object_delete
                0x00000000c000b214       0xa8 build/kernel/src/object.o
                0x00000000c000b214                rt_object_delete
 .text.rt_object_is_systemobject
                0x00000000c000b2bc       0x38 build/kernel/src/object.o
                0x00000000c000b2bc                rt_object_is_systemobject
 .text.rt_object_get_type
                0x00000000c000b2f4       0x38 build/kernel/src/object.o
                0x00000000c000b2f4                rt_object_get_type
 .text.rt_custom_object_create
                0x00000000c000b32c       0x28 build/kernel/src/object.o
                0x00000000c000b32c                rt_custom_object_create
 .text.rt_custom_object_destroy
                0x00000000c000b354       0xc8 build/kernel/src/object.o
                0x00000000c000b354                rt_custom_object_destroy
 .text.rt_system_scheduler_init
                0x00000000c000b41c       0x44 build/kernel/src/scheduler.o
                0x00000000c000b41c                rt_system_scheduler_init
 .text.rt_system_scheduler_start
                0x00000000c000b460       0xb0 build/kernel/src/scheduler.o
                0x00000000c000b460                rt_system_scheduler_start
 .text.rt_schedule
                0x00000000c000b510      0x2f0 build/kernel/src/scheduler.o
                0x00000000c000b510                rt_schedule
 .text.rt_schedule_insert_thread
                0x00000000c000b800       0xa8 build/kernel/src/scheduler.o
                0x00000000c000b800                rt_schedule_insert_thread
 .text.rt_schedule_remove_thread
                0x00000000c000b8a8       0x84 build/kernel/src/scheduler.o
                0x00000000c000b8a8                rt_schedule_remove_thread
 .text.rt_enter_critical
                0x00000000c000b92c       0x24 build/kernel/src/scheduler.o
                0x00000000c000b92c                rt_enter_critical
 .text.rt_exit_critical
                0x00000000c000b950       0x5c build/kernel/src/scheduler.o
                0x00000000c000b950                rt_exit_critical
 .text.rt_thread_handle_sig
                0x00000000c000b9ac       0xd8 build/kernel/src/signal.o
                0x00000000c000b9ac                rt_thread_handle_sig
 .text.rt_thread_free_sig
                0x00000000c000ba84       0x54 build/kernel/src/signal.o
                0x00000000c000ba84                rt_thread_free_sig
 .text.rt_system_signal_init
                0x00000000c000bad8       0x7c build/kernel/src/signal.o
                0x00000000c000bad8                rt_system_signal_init
 .text.list_mem
                0x00000000c000bb54       0x60 build/kernel/src/slab.o
                0x00000000c000bb54                list_mem
 .text.rt_page_free
                0x00000000c000bbb4      0x19c build/kernel/src/slab.o
                0x00000000c000bbb4                rt_page_free
 .text.rt_system_heap_init
                0x00000000c000bd50      0x24c build/kernel/src/slab.o
                0x00000000c000bd50                rt_system_heap_init
 .text.rt_malloc
                0x00000000c000bf9c      0x50c build/kernel/src/slab.o
                0x00000000c000bf9c                rt_malloc
 .text.rt_calloc
                0x00000000c000c4a8      0x52c build/kernel/src/slab.o
                0x00000000c000c4a8                rt_calloc
 .text.rt_free  0x00000000c000c9d4      0x248 build/kernel/src/slab.o
                0x00000000c000c9d4                rt_free
 .text.rt_realloc
                0x00000000c000cc1c      0x1ec build/kernel/src/slab.o
                0x00000000c000cc1c                rt_realloc
 .text.rt_thread_exit
                0x00000000c000ce08       0x6c build/kernel/src/thread.o
                0x00000000c000ce08                rt_thread_exit
 .text.rt_thread_timeout
                0x00000000c000ce74       0xb4 build/kernel/src/thread.o
                0x00000000c000ce74                rt_thread_timeout
 .text.rt_thread_init
                0x00000000c000cf28      0x1c4 build/kernel/src/thread.o
                0x00000000c000cf28                rt_thread_init
 .text.rt_thread_self
                0x00000000c000d0ec       0x10 build/kernel/src/thread.o
                0x00000000c000d0ec                rt_thread_self
 .text.rt_thread_startup
                0x00000000c000d0fc      0x14c build/kernel/src/thread.o
                0x00000000c000d0fc                rt_thread_startup
 .text.rt_thread_detach
                0x00000000c000d248       0xfc build/kernel/src/thread.o
                0x00000000c000d248                rt_thread_detach
 .text.rt_thread_create
                0x00000000c000d344      0x198 build/kernel/src/thread.o
                0x00000000c000d344                rt_thread_create
 .text.rt_thread_delete
                0x00000000c000d4dc       0xd0 build/kernel/src/thread.o
                0x00000000c000d4dc                rt_thread_delete
 .text.rt_thread_delay
                0x00000000c000d5ac      0x1c0 build/kernel/src/thread.o
                0x00000000c000d5ac                rt_thread_delay
 .text.rt_thread_control
                0x00000000c000d76c      0x2fc build/kernel/src/thread.o
                0x00000000c000d76c                rt_thread_control
 .text.rt_thread_suspend_with_flag
                0x00000000c000da68      0x168 build/kernel/src/thread.o
                0x00000000c000da68                rt_thread_suspend_with_flag
 .text.rt_thread_mdelay
                0x00000000c000dbd0       0xc0 build/kernel/src/thread.o
                0x00000000c000dbd0                rt_thread_mdelay
 .text.rt_thread_resume
                0x00000000c000dc90       0xdc build/kernel/src/thread.o
                0x00000000c000dc90                rt_thread_resume
 .text.rt_thread_wakeup
                0x00000000c000dd6c      0x13c build/kernel/src/thread.o
                0x00000000c000dd6c                rt_thread_wakeup
 .text.rt_thread_wakeup_set
                0x00000000c000dea8       0x70 build/kernel/src/thread.o
                0x00000000c000dea8                rt_thread_wakeup_set
 .text.rt_thread_find
                0x00000000c000df18       0xb8 build/kernel/src/thread.o
                0x00000000c000df18                rt_thread_find
 .text.rt_timer_init
                0x00000000c000dfd0       0x78 build/kernel/src/timer.o
                0x00000000c000dfd0                rt_timer_init
 .text.rt_timer_detach
                0x00000000c000e048       0xb4 build/kernel/src/timer.o
                0x00000000c000e048                rt_timer_detach
 .text.rt_timer_create
                0x00000000c000e0fc       0x54 build/kernel/src/timer.o
                0x00000000c000e0fc                rt_timer_create
 .text.rt_timer_delete
                0x00000000c000e150       0xbc build/kernel/src/timer.o
                0x00000000c000e150                rt_timer_delete
 .text.rt_timer_start
                0x00000000c000e20c      0x1a8 build/kernel/src/timer.o
                0x00000000c000e20c                rt_timer_start
 .text.rt_timer_stop
                0x00000000c000e3b4       0xd4 build/kernel/src/timer.o
                0x00000000c000e3b4                rt_timer_stop
 .text.rt_timer_control
                0x00000000c000e488      0x110 build/kernel/src/timer.o
                0x00000000c000e488                rt_timer_control
 .text.rt_timer_check
                0x00000000c000e598      0x138 build/kernel/src/timer.o
                0x00000000c000e598                rt_timer_check
 .text.rt_soft_timer_check
                0x00000000c000e6d0      0x154 build/kernel/src/timer.o
                0x00000000c000e6d0                rt_soft_timer_check
 .text.rt_thread_timer_entry
                0x00000000c000e824       0x64 build/kernel/src/timer.o
 .text.rt_system_timer_init
                0x00000000c000e888       0x14 build/kernel/src/timer.o
                0x00000000c000e888                rt_system_timer_init
 .text.rt_system_timer_thread_init
                0x00000000c000e89c       0x70 build/kernel/src/timer.o
                0x00000000c000e89c                rt_system_timer_thread_init
 .text.rt_ioremap
                0x00000000c000e90c       0xd0 build/kernel/components/lwp/ioremap.o
                0x00000000c000e90c                rt_ioremap
 .text.lwp_thread_entry
                0x00000000c000e9dc       0x40 build/kernel/components/lwp/lwp.o
 .text.lwp_cleanup
                0x00000000c000ea1c       0x54 build/kernel/components/lwp/lwp.o
                0x00000000c000ea1c                lwp_cleanup
 .text.load_fread.constprop.2
                0x00000000c000ea70       0x78 build/kernel/components/lwp/lwp.o
 .text.lwp_argscopy
                0x00000000c000eae8      0x27c build/kernel/components/lwp/lwp.o
                0x00000000c000eae8                lwp_argscopy
 .text.lwp_load
                0x00000000c000ed64      0xd34 build/kernel/components/lwp/lwp.o
                0x00000000c000ed64                lwp_load
 .text.lwp_self
                0x00000000c000fa98       0x14 build/kernel/components/lwp/lwp.o
                0x00000000c000fa98                lwp_self
 .text.lwp_execve
                0x00000000c000faac      0x290 build/kernel/components/lwp/lwp.o
                0x00000000c000faac                lwp_execve
 .text.exec     0x00000000c000fd3c      0x3f0 build/kernel/components/lwp/lwp.o
                0x00000000c000fd3c                exec
 .text.lwp_avl_rebalance
                0x00000000c001012c      0x1b8 build/kernel/components/lwp/lwp_avl.o
 .text.lwp_avl_remove
                0x00000000c00102e4       0xe8 build/kernel/components/lwp/lwp_avl.o
                0x00000000c00102e4                lwp_avl_remove
 .text.lwp_avl_insert
                0x00000000c00103cc       0x60 build/kernel/components/lwp/lwp_avl.o
                0x00000000c00103cc                lwp_avl_insert
 .text.lwp_avl_find
                0x00000000c001042c       0x44 build/kernel/components/lwp/lwp_avl.o
                0x00000000c001042c                lwp_avl_find
 .text.lwp_avl_traversal
                0x00000000c0010470       0xa8 build/kernel/components/lwp/lwp_avl.o
                0x00000000c0010470                lwp_avl_traversal
 .text.console_fops_close
                0x00000000c0010518       0x58 build/kernel/components/lwp/lwp_console.o
 .text.console_fops_open
                0x00000000c0010570       0x5c build/kernel/components/lwp/lwp_console.o
 .text.console_fops_poll
                0x00000000c00105cc       0xd0 build/kernel/components/lwp/lwp_console.o
 .text.console_fops_write
                0x00000000c001069c       0x60 build/kernel/components/lwp/lwp_console.o
 .text.rt_console_write
                0x00000000c00106fc       0x88 build/kernel/components/lwp/lwp_console.o
 .text.console_fops_read
                0x00000000c0010784       0xe8 build/kernel/components/lwp/lwp_console.o
 .text.rt_console_read
                0x00000000c001086c       0xc8 build/kernel/components/lwp/lwp_console.o
 .text.rt_console_close
                0x00000000c0010934       0x58 build/kernel/components/lwp/lwp_console.o
 .text.rt_console_open
                0x00000000c001098c       0x6c build/kernel/components/lwp/lwp_console.o
 .text.console_rx_notify
                0x00000000c00109f8       0xd8 build/kernel/components/lwp/lwp_console.o
 .text.rt_console_init
                0x00000000c0010ad0       0xc4 build/kernel/components/lwp/lwp_console.o
 .text.rt_console_set_foreground
                0x00000000c0010b94       0x60 build/kernel/components/lwp/lwp_console.o
                0x00000000c0010b94                rt_console_set_foreground
 .text.rt_console_get_foreground
                0x00000000c0010bf4       0x20 build/kernel/components/lwp/lwp_console.o
                0x00000000c0010bf4                rt_console_get_foreground
 .text.rt_console_set_iodev
                0x00000000c0010c14      0x128 build/kernel/components/lwp/lwp_console.o
                0x00000000c0010c14                rt_console_set_iodev
 .text.rt_console_register
                0x00000000c0010d3c       0xec build/kernel/components/lwp/lwp_console.o
                0x00000000c0010d3c                rt_console_register
 .text.futex_system_init
                0x00000000c0010e28       0x24 build/kernel/components/lwp/lwp_futex.o
 .text.futex_destory
                0x00000000c0010e4c       0x40 build/kernel/components/lwp/lwp_futex.o
                0x00000000c0010e4c                futex_destory
 .text.sys_futex
                0x00000000c0010e8c      0x2c4 build/kernel/components/lwp/lwp_futex.o
                0x00000000c0010e8c                sys_futex
 .text.channel_fops_poll
                0x00000000c0011150       0x58 build/kernel/components/lwp/lwp_ipc.o
 .text.wakeup_sender_wait_reply
                0x00000000c00111a8       0x60 build/kernel/components/lwp/lwp_ipc.o
 .text.wakeup_sender_wait_recv
                0x00000000c0011208       0xb4 build/kernel/components/lwp/lwp_ipc.o
 .text.sender_timeout
                0x00000000c00112bc       0xd8 build/kernel/components/lwp/lwp_ipc.o
 .text.list_channel
                0x00000000c0011394      0x17c build/kernel/components/lwp/lwp_ipc.o
 .text.channel_fops_close
                0x00000000c0011510       0xd4 build/kernel/components/lwp/lwp_ipc.o
 .text.wakeup_receiver
                0x00000000c00115e4       0x58 build/kernel/components/lwp/lwp_ipc.o
 .text.receiver_timeout
                0x00000000c001163c       0x74 build/kernel/components/lwp/lwp_ipc.o
 .text.rt_raw_channel_open
                0x00000000c00116b0      0x15c build/kernel/components/lwp/lwp_ipc.o
                0x00000000c00116b0                rt_raw_channel_open
 .text.rt_raw_channel_close
                0x00000000c001180c      0x15c build/kernel/components/lwp/lwp_ipc.o
                0x00000000c001180c                rt_raw_channel_close
 .text.lwp_channel_open
                0x00000000c0011968      0x150 build/kernel/components/lwp/lwp_ipc.o
                0x00000000c0011968                lwp_channel_open
 .text.lwp_channel_close
                0x00000000c0011ab8       0xd4 build/kernel/components/lwp/lwp_ipc.o
                0x00000000c0011ab8                lwp_channel_close
 .text.lwp_channel_send
                0x00000000c0011b8c      0x1c8 build/kernel/components/lwp/lwp_ipc.o
                0x00000000c0011b8c                lwp_channel_send
 .text.lwp_channel_send_recv_timeout
                0x00000000c0011d54      0x420 build/kernel/components/lwp/lwp_ipc.o
                0x00000000c0011d54                lwp_channel_send_recv_timeout
 .text.lwp_channel_reply
                0x00000000c0012174      0x170 build/kernel/components/lwp/lwp_ipc.o
                0x00000000c0012174                lwp_channel_reply
 .text.lwp_channel_recv_timeout
                0x00000000c00122e4      0x2e8 build/kernel/components/lwp/lwp_ipc.o
                0x00000000c00122e4                lwp_channel_recv_timeout
 .text.top_mem_fun
                0x00000000c00125cc       0x1c build/kernel/components/lwp/lwp_mm_area.o
                0x00000000c00125cc                top_mem_fun
 .text.lwp_map_area_insert
                0x00000000c00125e8       0x80 build/kernel/components/lwp/lwp_mm_area.o
                0x00000000c00125e8                lwp_map_area_insert
 .text.lwp_map_area_remove
                0x00000000c0012668       0x38 build/kernel/components/lwp/lwp_mm_area.o
                0x00000000c0012668                lwp_map_area_remove
 .text.lwp_map_find
                0x00000000c00126a0       0x54 build/kernel/components/lwp/lwp_mm_area.o
                0x00000000c00126a0                lwp_map_find
 .text.lwp_map_find_first
                0x00000000c00126f4       0x1c build/kernel/components/lwp/lwp_mm_area.o
                0x00000000c00126f4                lwp_map_find_first
 .text.lwp_vmem_count
                0x00000000c0012710       0x2c build/kernel/components/lwp/lwp_mm_area.o
                0x00000000c0012710                lwp_vmem_count
 .text.cmd_kill
                0x00000000c001273c       0x70 build/kernel/components/lwp/lwp_pid.o
 .text.cmd_killall
                0x00000000c00127ac       0xbc build/kernel/components/lwp/lwp_pid.o
 .text.list_process
                0x00000000c0012868      0x410 build/kernel/components/lwp/lwp_pid.o
                0x00000000c0012868                list_process
 .text._object_dup
                0x00000000c0012c78       0x84 build/kernel/components/lwp/lwp_pid.o
 .text.lwp_free.part.3
                0x00000000c0012cfc      0x378 build/kernel/components/lwp/lwp_pid.o
 .text.lwp_get_pid_ary
                0x00000000c0013074        0xc build/kernel/components/lwp/lwp_pid.o
                0x00000000c0013074                lwp_get_pid_ary
 .text.lwp_user_object_lock_init
                0x00000000c0013080       0x14 build/kernel/components/lwp/lwp_pid.o
                0x00000000c0013080                lwp_user_object_lock_init
 .text.lwp_user_object_add
                0x00000000c0013094       0x90 build/kernel/components/lwp/lwp_pid.o
                0x00000000c0013094                lwp_user_object_add
 .text.lwp_user_object_delete
                0x00000000c0013124      0x170 build/kernel/components/lwp/lwp_pid.o
                0x00000000c0013124                lwp_user_object_delete
 .text.lwp_user_object_clear
                0x00000000c0013294      0x15c build/kernel/components/lwp/lwp_pid.o
                0x00000000c0013294                lwp_user_object_clear
 .text.lwp_user_object_dup
                0x00000000c00133f0       0x5c build/kernel/components/lwp/lwp_pid.o
                0x00000000c00133f0                lwp_user_object_dup
 .text.lwp_new  0x00000000c001344c      0x288 build/kernel/components/lwp/lwp_pid.o
                0x00000000c001344c                lwp_new
 .text.lwp_ref_inc
                0x00000000c00136d4       0x20 build/kernel/components/lwp/lwp_pid.o
                0x00000000c00136d4                lwp_ref_inc
 .text.lwp_ref_dec
                0x00000000c00136f4       0x4c build/kernel/components/lwp/lwp_pid.o
                0x00000000c00136f4                lwp_ref_dec
 .text.lwp_from_pid
                0x00000000c0013740       0x40 build/kernel/components/lwp/lwp_pid.o
                0x00000000c0013740                lwp_from_pid
 .text.lwp_to_pid
                0x00000000c0013780        0xc build/kernel/components/lwp/lwp_pid.o
                0x00000000c0013780                lwp_to_pid
 .text.lwp_getpid
                0x00000000c001378c       0x14 build/kernel/components/lwp/lwp_pid.o
                0x00000000c001378c                lwp_getpid
 .text.waitpid  0x00000000c00137a0      0x1ac build/kernel/components/lwp/lwp_pid.o
                0x00000000c00137a0                waitpid
 .text.lwp_check_exit_request
                0x00000000c001394c       0x30 build/kernel/components/lwp/lwp_pid.o
                0x00000000c001394c                lwp_check_exit_request
 .text.lwp_terminate
                0x00000000c001397c       0x7c build/kernel/components/lwp/lwp_pid.o
                0x00000000c001397c                lwp_terminate
 .text.lwp_wait_subthread_exit
                0x00000000c00139f8       0xb4 build/kernel/components/lwp/lwp_pid.o
                0x00000000c00139f8                lwp_wait_subthread_exit
 .text.pmutex_system_init
                0x00000000c0013aac       0x24 build/kernel/components/lwp/lwp_pmutex.o
 .text.pmutex_destory
                0x00000000c0013ad0       0x48 build/kernel/components/lwp/lwp_pmutex.o
 .text.sys_pmutex
                0x00000000c0013b18      0x2d0 build/kernel/components/lwp/lwp_pmutex.o
                0x00000000c0013b18                sys_pmutex
 .text._shm_info
                0x00000000c0013de8       0x40 build/kernel/components/lwp/lwp_shm.o
 .text.list_shm
                0x00000000c0013e28       0x4c build/kernel/components/lwp/lwp_shm.o
                0x00000000c0013e28                list_shm
 .text.lwp_shmget
                0x00000000c0013e74      0x170 build/kernel/components/lwp/lwp_shm.o
                0x00000000c0013e74                lwp_shmget
 .text.lwp_shmrm
                0x00000000c0013fe4       0xc4 build/kernel/components/lwp/lwp_shm.o
                0x00000000c0013fe4                lwp_shmrm
 .text.lwp_shmat
                0x00000000c00140a8       0xbc build/kernel/components/lwp/lwp_shm.o
                0x00000000c00140a8                lwp_shmat
 .text.lwp_shm_ref_inc
                0x00000000c0014164       0x70 build/kernel/components/lwp/lwp_shm.o
                0x00000000c0014164                lwp_shm_ref_inc
 .text.lwp_shm_ref_dec
                0x00000000c00141d4       0x78 build/kernel/components/lwp/lwp_shm.o
                0x00000000c00141d4                lwp_shm_ref_dec
 .text.lwp_shmdt
                0x00000000c001424c       0x84 build/kernel/components/lwp/lwp_shm.o
                0x00000000c001424c                lwp_shmdt
 .text.lwp_suspend_sigcheck
                0x00000000c00142d0       0x90 build/kernel/components/lwp/lwp_signal.o
                0x00000000c00142d0                lwp_suspend_sigcheck
 .text.lwp_signal_check
                0x00000000c0014360       0x84 build/kernel/components/lwp/lwp_signal.o
                0x00000000c0014360                lwp_signal_check
 .text.lwp_signal_backup
                0x00000000c00143e4      0x1b8 build/kernel/components/lwp/lwp_signal.o
                0x00000000c00143e4                lwp_signal_backup
 .text.lwp_signal_restore
                0x00000000c001459c       0xc4 build/kernel/components/lwp/lwp_signal.o
                0x00000000c001459c                lwp_signal_restore
 .text.lwp_sighandler_get
                0x00000000c0014660       0x84 build/kernel/components/lwp/lwp_signal.o
                0x00000000c0014660                lwp_sighandler_get
 .text.lwp_sigaction
                0x00000000c00146e4      0x11c build/kernel/components/lwp/lwp_signal.o
                0x00000000c00146e4                lwp_sigaction
 .text.lwp_sigprocmask
                0x00000000c0014800       0xd4 build/kernel/components/lwp/lwp_signal.o
                0x00000000c0014800                lwp_sigprocmask
 .text.lwp_thread_sigprocmask
                0x00000000c00148d4       0xbc build/kernel/components/lwp/lwp_signal.o
                0x00000000c00148d4                lwp_thread_sigprocmask
 .text.lwp_kill
                0x00000000c0014990       0xd0 build/kernel/components/lwp/lwp_signal.o
                0x00000000c0014990                lwp_kill
 .text.lwp_thread_kill
                0x00000000c0014a60       0xd4 build/kernel/components/lwp/lwp_signal.o
                0x00000000c0014a60                lwp_thread_kill
 .text.sys_exit_group
                0x00000000c0014b34        0x4 build/kernel/components/lwp/lwp_syscall.o
                0x00000000c0014b34                sys_exit_group
 .text.sys_settimeofday
                0x00000000c0014b38        0x8 build/kernel/components/lwp/lwp_syscall.o
                0x00000000c0014b38                sys_settimeofday
 .text.sys_thread_self
                0x00000000c0014b40        0x4 build/kernel/components/lwp/lwp_syscall.o
                0x00000000c0014b40                sys_thread_self
 .text.sys_gettid
                0x00000000c0014b44       0x10 build/kernel/components/lwp/lwp_syscall.o
                0x00000000c0014b44                sys_gettid
 .text.sys_thread_delete
                0x00000000c0014b54        0x4 build/kernel/components/lwp/lwp_syscall.o
                0x00000000c0014b54                sys_thread_delete
 .text.sys_exit
                0x00000000c0014b58       0xa0 build/kernel/components/lwp/lwp_syscall.o
                0x00000000c0014b58                sys_exit
 .text.sys_notimpl
                0x00000000c0014bf8       0x14 build/kernel/components/lwp/lwp_syscall.o
                0x00000000c0014bf8                sys_notimpl
 .text.sys_prlimit64
                0x00000000c0014c0c       0x14 build/kernel/components/lwp/lwp_syscall.o
                0x00000000c0014c0c                sys_prlimit64
 .text.sys_setrlimit
                0x00000000c0014c20       0x14 build/kernel/components/lwp/lwp_syscall.o
                0x00000000c0014c20                sys_setrlimit
 .text.sys_set_tid_address
                0x00000000c0014c34       0x3c build/kernel/components/lwp/lwp_syscall.o
                0x00000000c0014c34                sys_set_tid_address
 .text.sys_clock_getres
                0x00000000c0014c70       0x50 build/kernel/components/lwp/lwp_syscall.o
                0x00000000c0014c70                sys_clock_getres
 .text.sys_read
                0x00000000c0014cc0       0xa0 build/kernel/components/lwp/lwp_syscall.o
                0x00000000c0014cc0                sys_read
 .text.sys_write
                0x00000000c0014d60       0x98 build/kernel/components/lwp/lwp_syscall.o
                0x00000000c0014d60                sys_write
 .text.sys_lseek
                0x00000000c0014df8        0x4 build/kernel/components/lwp/lwp_syscall.o
                0x00000000c0014df8                sys_lseek
 .text.sys_open
                0x00000000c0014dfc       0xa8 build/kernel/components/lwp/lwp_syscall.o
                0x00000000c0014dfc                sys_open
 .text.sys_close
                0x00000000c0014ea4        0x4 build/kernel/components/lwp/lwp_syscall.o
                0x00000000c0014ea4                sys_close
 .text.sys_ioctl
                0x00000000c0014ea8        0x4 build/kernel/components/lwp/lwp_syscall.o
                0x00000000c0014ea8                sys_ioctl
 .text.sys_fstat
                0x00000000c0014eac       0x60 build/kernel/components/lwp/lwp_syscall.o
                0x00000000c0014eac                sys_fstat
 .text.sys_poll
                0x00000000c0014f0c      0x17c build/kernel/components/lwp/lwp_syscall.o
                0x00000000c0014f0c                sys_poll
 .text.sys_select
                0x00000000c0015088      0x1ec build/kernel/components/lwp/lwp_syscall.o
                0x00000000c0015088                sys_select
 *fill*         0x00000000c0015274        0x4 00000000
 .text.sys_nanosleep
                0x00000000c0015278       0xfc build/kernel/components/lwp/lwp_syscall.o
                0x00000000c0015278                sys_nanosleep
 .text.sys_tick_get
                0x00000000c0015374        0x4 build/kernel/components/lwp/lwp_syscall.o
                0x00000000c0015374                sys_tick_get
 .text.sys_exec
                0x00000000c0015378        0x4 build/kernel/components/lwp/lwp_syscall.o
                0x00000000c0015378                sys_exec
 .text.sys_kill
                0x00000000c001537c        0x4 build/kernel/components/lwp/lwp_syscall.o
                0x00000000c001537c                sys_kill
 .text.sys_getpid
                0x00000000c0015380        0x4 build/kernel/components/lwp/lwp_syscall.o
                0x00000000c0015380                sys_getpid
 .text.sys_setpriority
                0x00000000c0015384       0x54 build/kernel/components/lwp/lwp_syscall.o
                0x00000000c0015384                sys_setpriority
 .text.sys_sem_create
                0x00000000c00153d8       0x38 build/kernel/components/lwp/lwp_syscall.o
                0x00000000c00153d8                sys_sem_create
 .text.sys_sem_delete
                0x00000000c0015410       0x18 build/kernel/components/lwp/lwp_syscall.o
                0x00000000c0015410                sys_sem_delete
 .text.sys_mutex_delete
                0x00000000c0015428       0x18 build/kernel/components/lwp/lwp_syscall.o
                0x00000000c0015428                sys_mutex_delete
 .text.sys_event_delete
                0x00000000c0015440       0x18 build/kernel/components/lwp/lwp_syscall.o
                0x00000000c0015440                sys_event_delete
 .text.sys_mb_delete
                0x00000000c0015458       0x18 build/kernel/components/lwp/lwp_syscall.o
                0x00000000c0015458                sys_mb_delete
 .text.sys_mq_delete
                0x00000000c0015470       0x18 build/kernel/components/lwp/lwp_syscall.o
                0x00000000c0015470                sys_mq_delete
 .text.sys_timer_delete
                0x00000000c0015488       0x18 build/kernel/components/lwp/lwp_syscall.o
                0x00000000c0015488                sys_timer_delete
 .text.sys_sem_take
                0x00000000c00154a0        0x4 build/kernel/components/lwp/lwp_syscall.o
                0x00000000c00154a0                sys_sem_take
 .text.sys_sem_release
                0x00000000c00154a4        0x4 build/kernel/components/lwp/lwp_syscall.o
                0x00000000c00154a4                sys_sem_release
 .text.timer_timeout_callback
                0x00000000c00154a8        0x4 build/kernel/components/lwp/lwp_syscall.o
 .text.sys_exit_critical
                0x00000000c00154ac        0xc build/kernel/components/lwp/lwp_syscall.o
                0x00000000c00154ac                sys_exit_critical
 .text.sys_mutex_create
                0x00000000c00154b8       0x38 build/kernel/components/lwp/lwp_syscall.o
                0x00000000c00154b8                sys_mutex_create
 .text.sys_mutex_take
                0x00000000c00154f0        0x4 build/kernel/components/lwp/lwp_syscall.o
                0x00000000c00154f0                sys_mutex_take
 .text.sys_mutex_release
                0x00000000c00154f4        0x4 build/kernel/components/lwp/lwp_syscall.o
                0x00000000c00154f4                sys_mutex_release
 .text.sys_brk  0x00000000c00154f8        0x4 build/kernel/components/lwp/lwp_syscall.o
                0x00000000c00154f8                sys_brk
 .text.sys_mmap2
                0x00000000c00154fc        0x4 build/kernel/components/lwp/lwp_syscall.o
                0x00000000c00154fc                sys_mmap2
 .text.sys_munmap
                0x00000000c0015500        0x4 build/kernel/components/lwp/lwp_syscall.o
                0x00000000c0015500                sys_munmap
 .text.sys_event_create
                0x00000000c0015504       0x38 build/kernel/components/lwp/lwp_syscall.o
                0x00000000c0015504                sys_event_create
 .text.sys_event_send
                0x00000000c001553c        0x4 build/kernel/components/lwp/lwp_syscall.o
                0x00000000c001553c                sys_event_send
 .text.sys_event_recv
                0x00000000c0015540        0x4 build/kernel/components/lwp/lwp_syscall.o
                0x00000000c0015540                sys_event_recv
 .text.sys_mb_create
                0x00000000c0015544       0x38 build/kernel/components/lwp/lwp_syscall.o
                0x00000000c0015544                sys_mb_create
 .text.sys_mb_send
                0x00000000c001557c        0x4 build/kernel/components/lwp/lwp_syscall.o
                0x00000000c001557c                sys_mb_send
 .text.sys_mb_send_wait
                0x00000000c0015580        0x4 build/kernel/components/lwp/lwp_syscall.o
                0x00000000c0015580                sys_mb_send_wait
 .text.sys_mb_recv
                0x00000000c0015584        0x4 build/kernel/components/lwp/lwp_syscall.o
                0x00000000c0015584                sys_mb_recv
 .text.sys_mq_create
                0x00000000c0015588       0x38 build/kernel/components/lwp/lwp_syscall.o
                0x00000000c0015588                sys_mq_create
 .text.sys_mq_send
                0x00000000c00155c0        0x4 build/kernel/components/lwp/lwp_syscall.o
                0x00000000c00155c0                sys_mq_send
 .text.sys_mq_urgent
                0x00000000c00155c4        0x4 build/kernel/components/lwp/lwp_syscall.o
                0x00000000c00155c4                sys_mq_urgent
 .text.sys_mq_recv
                0x00000000c00155c8        0x4 build/kernel/components/lwp/lwp_syscall.o
                0x00000000c00155c8                sys_mq_recv
 .text.sys_timer_create
                0x00000000c00155cc       0x54 build/kernel/components/lwp/lwp_syscall.o
                0x00000000c00155cc                sys_timer_create
 .text.sys_timer_start
                0x00000000c0015620        0x4 build/kernel/components/lwp/lwp_syscall.o
                0x00000000c0015620                sys_timer_start
 .text.sys_timer_stop
                0x00000000c0015624        0x4 build/kernel/components/lwp/lwp_syscall.o
                0x00000000c0015624                sys_timer_stop
 .text.sys_timer_control
                0x00000000c0015628        0x4 build/kernel/components/lwp/lwp_syscall.o
                0x00000000c0015628                sys_timer_control
 .text.sys_thread_create
                0x00000000c001562c      0x118 build/kernel/components/lwp/lwp_syscall.o
                0x00000000c001562c                sys_thread_create
 .text.lwp_user_thread
                0x00000000c0015744       0x4c build/kernel/components/lwp/lwp_syscall.o
 .text.sys_thread_startup
                0x00000000c0015790        0x4 build/kernel/components/lwp/lwp_syscall.o
                0x00000000c0015790                sys_thread_startup
 .text.sys_channel_open
                0x00000000c0015794       0x10 build/kernel/components/lwp/lwp_syscall.o
                0x00000000c0015794                sys_channel_open
 .text.sys_channel_close
                0x00000000c00157a4        0xc build/kernel/components/lwp/lwp_syscall.o
                0x00000000c00157a4                sys_channel_close
 .text.sys_channel_send
                0x00000000c00157b0       0x10 build/kernel/components/lwp/lwp_syscall.o
                0x00000000c00157b0                sys_channel_send
 .text.sys_channel_send_recv_timeout
                0x00000000c00157c0       0x28 build/kernel/components/lwp/lwp_syscall.o
                0x00000000c00157c0                sys_channel_send_recv_timeout
 .text.sys_channel_reply
                0x00000000c00157e8       0x10 build/kernel/components/lwp/lwp_syscall.o
                0x00000000c00157e8                sys_channel_reply
 .text.sys_channel_recv_timeout
                0x00000000c00157f8       0x14 build/kernel/components/lwp/lwp_syscall.o
                0x00000000c00157f8                sys_channel_recv_timeout
 .text.critical_init
                0x00000000c001580c       0x28 build/kernel/components/lwp/lwp_syscall.o
 .text.sys_enter_critical
                0x00000000c0015834       0x10 build/kernel/components/lwp/lwp_syscall.o
                0x00000000c0015834                sys_enter_critical
 .text.sys_log  0x00000000c0015844       0x4c build/kernel/components/lwp/lwp_syscall.o
                0x00000000c0015844                sys_log
 .text.sys_device_write
                0x00000000c0015890        0x4 build/kernel/components/lwp/lwp_syscall.o
                0x00000000c0015890                sys_device_write
 .text.sys_stat
                0x00000000c0015894        0x4 build/kernel/components/lwp/lwp_syscall.o
                0x00000000c0015894                sys_stat
 .text.sys_shmget
                0x00000000c0015898        0x4 build/kernel/components/lwp/lwp_syscall.o
                0x00000000c0015898                sys_shmget
 .text.sys_shmrm
                0x00000000c001589c        0x4 build/kernel/components/lwp/lwp_syscall.o
                0x00000000c001589c                sys_shmrm
 .text.sys_shmat
                0x00000000c00158a0        0x4 build/kernel/components/lwp/lwp_syscall.o
                0x00000000c00158a0                sys_shmat
 .text.sys_shmdt
                0x00000000c00158a4        0x4 build/kernel/components/lwp/lwp_syscall.o
                0x00000000c00158a4                sys_shmdt
 .text.sys_device_init
                0x00000000c00158a8        0x4 build/kernel/components/lwp/lwp_syscall.o
                0x00000000c00158a8                sys_device_init
 .text.sys_device_register
                0x00000000c00158ac        0x4 build/kernel/components/lwp/lwp_syscall.o
                0x00000000c00158ac                sys_device_register
 .text.sys_device_control
                0x00000000c00158b0        0x4 build/kernel/components/lwp/lwp_syscall.o
                0x00000000c00158b0                sys_device_control
 .text.sys_device_find
                0x00000000c00158b4        0x4 build/kernel/components/lwp/lwp_syscall.o
                0x00000000c00158b4                sys_device_find
 .text.sys_clock_settime
                0x00000000c00158b8       0x94 build/kernel/components/lwp/lwp_syscall.o
                0x00000000c00158b8                sys_clock_settime
 .text.sys_clock_gettime
                0x00000000c001594c       0x9c build/kernel/components/lwp/lwp_syscall.o
                0x00000000c001594c                sys_clock_gettime
 .text.sys_device_open
                0x00000000c00159e8        0x4 build/kernel/components/lwp/lwp_syscall.o
                0x00000000c00159e8                sys_device_open
 .text.sys_device_close
                0x00000000c00159ec        0x4 build/kernel/components/lwp/lwp_syscall.o
                0x00000000c00159ec                sys_device_close
 .text.sys_device_read
                0x00000000c00159f0        0x4 build/kernel/components/lwp/lwp_syscall.o
                0x00000000c00159f0                sys_device_read
 .text.sys_thread_find
                0x00000000c00159f4        0x4 build/kernel/components/lwp/lwp_syscall.o
                0x00000000c00159f4                sys_thread_find
 .text.sys_thread_mdelay
                0x00000000c00159f8        0x4 build/kernel/components/lwp/lwp_syscall.o
                0x00000000c00159f8                sys_thread_mdelay
 .text.sys_sigaction
                0x00000000c00159fc      0x174 build/kernel/components/lwp/lwp_syscall.o
                0x00000000c00159fc                sys_sigaction
 .text.sys_sigprocmask
                0x00000000c0015b70      0x120 build/kernel/components/lwp/lwp_syscall.o
                0x00000000c0015b70                sys_sigprocmask
 .text.sys_tkill
                0x00000000c0015c90       0x38 build/kernel/components/lwp/lwp_syscall.o
                0x00000000c0015c90                sys_tkill
 .text.sys_thread_sigprocmask
                0x00000000c0015cc8      0x114 build/kernel/components/lwp/lwp_syscall.o
                0x00000000c0015cc8                sys_thread_sigprocmask
 .text.sys_waitpid
                0x00000000c0015ddc       0x48 build/kernel/components/lwp/lwp_syscall.o
                0x00000000c0015ddc                sys_waitpid
 .text.sys_getcwd
                0x00000000c0015e24       0x38 build/kernel/components/lwp/lwp_syscall.o
                0x00000000c0015e24                sys_getcwd
 .text.sys_getdents
                0x00000000c0015e5c      0x138 build/kernel/components/lwp/lwp_syscall.o
                0x00000000c0015e5c                sys_getdents
 .text.sys_get_errno
                0x00000000c0015f94        0x4 build/kernel/components/lwp/lwp_syscall.o
                0x00000000c0015f94                sys_get_errno
 .text.sys_set_thread_area
                0x00000000c0015f98       0x20 build/kernel/components/lwp/lwp_syscall.o
                0x00000000c0015f98                sys_set_thread_area
 .text.sys_pipe
                0x00000000c0015fb8       0x34 build/kernel/components/lwp/lwp_syscall.o
                0x00000000c0015fb8                sys_pipe
 .text.sys_getrlimit
                0x00000000c0015fec       0x70 build/kernel/components/lwp/lwp_syscall.o
                0x00000000c0015fec                sys_getrlimit
 .text.sys_getpriority
                0x00000000c001605c       0x38 build/kernel/components/lwp/lwp_syscall.o
                0x00000000c001605c                sys_getpriority
 .text.sys_gettimeofday
                0x00000000c0016094       0x9c build/kernel/components/lwp/lwp_syscall.o
                0x00000000c0016094                sys_gettimeofday
 .text.sys_log_enable
                0x00000000c0016130       0x44 build/kernel/components/lwp/lwp_syscall.o
 .text._insert_args.constprop.4
                0x00000000c0016174      0x190 build/kernel/components/lwp/lwp_syscall.o
 .text.sys_chdir
                0x00000000c0016304       0x54 build/kernel/components/lwp/lwp_syscall.o
                0x00000000c0016304                sys_chdir
 .text.sys_rmdir
                0x00000000c0016358       0x54 build/kernel/components/lwp/lwp_syscall.o
                0x00000000c0016358                sys_rmdir
 .text.sys_mkdir
                0x00000000c00163ac       0x5c build/kernel/components/lwp/lwp_syscall.o
                0x00000000c00163ac                sys_mkdir
 .text.sys_rename
                0x00000000c0016408       0x94 build/kernel/components/lwp/lwp_syscall.o
                0x00000000c0016408                sys_rename
 .text.sys_access
                0x00000000c001649c       0xa0 build/kernel/components/lwp/lwp_syscall.o
                0x00000000c001649c                sys_access
 .text.sys_unlink
                0x00000000c001653c       0xb8 build/kernel/components/lwp/lwp_syscall.o
                0x00000000c001653c                sys_unlink
 .text._sys_clone
                0x00000000c00165f4      0x1c8 build/kernel/components/lwp/lwp_syscall.o
                0x00000000c00165f4                _sys_clone
 .text._sys_fork
                0x00000000c00167bc      0x318 build/kernel/components/lwp/lwp_syscall.o
                0x00000000c00167bc                _sys_fork
 .text.load_ldso
                0x00000000c0016ad4      0x308 build/kernel/components/lwp/lwp_syscall.o
                0x00000000c0016ad4                load_ldso
 .text.sys_execve
                0x00000000c0016ddc      0x7b8 build/kernel/components/lwp/lwp_syscall.o
                0x00000000c0016ddc                sys_execve
 .text.lwp_get_sys_api
                0x00000000c0017594       0x3c build/kernel/components/lwp/lwp_syscall.o
                0x00000000c0017594                lwp_get_sys_api
 .text.lwp_tid_get
                0x00000000c00175d0      0x158 build/kernel/components/lwp/lwp_tid.o
                0x00000000c00175d0                lwp_tid_get
 .text.lwp_tid_put
                0x00000000c0017728       0x5c build/kernel/components/lwp/lwp_tid.o
                0x00000000c0017728                lwp_tid_put
 .text.lwp_tid_get_thread
                0x00000000c0017784       0x40 build/kernel/components/lwp/lwp_tid.o
                0x00000000c0017784                lwp_tid_get_thread
 .text.lwp_tid_set_thread
                0x00000000c00177c4       0x3c build/kernel/components/lwp/lwp_tid.o
                0x00000000c00177c4                lwp_tid_set_thread
 .text.lwp_user_space_init
                0x00000000c0017800        0x4 build/kernel/components/lwp/lwp_user_mm.o
                0x00000000c0017800                lwp_user_space_init
 .text.lwp_mmu_switch
                0x00000000c0017804       0x4c build/kernel/components/lwp/lwp_user_mm.o
                0x00000000c0017804                lwp_mmu_switch
 .text.lwp_unmap_user_space
                0x00000000c0017850      0x15c build/kernel/components/lwp/lwp_user_mm.o
                0x00000000c0017850                lwp_unmap_user_space
 .text.lwp_unmap_user
                0x00000000c00179ac      0x130 build/kernel/components/lwp/lwp_user_mm.o
                0x00000000c00179ac                lwp_unmap_user
 .text.lwp_unmap_user_phy
                0x00000000c0017adc        0x4 build/kernel/components/lwp/lwp_user_mm.o
                0x00000000c0017adc                lwp_unmap_user_phy
 .text.lwp_map_user
                0x00000000c0017ae0      0x100 build/kernel/components/lwp/lwp_user_mm.o
                0x00000000c0017ae0                lwp_map_user
 .text.lwp_map_user_type
                0x00000000c0017be0      0x134 build/kernel/components/lwp/lwp_user_mm.o
                0x00000000c0017be0                lwp_map_user_type
 .text.lwp_dup_user
                0x00000000c0017d14      0x2e4 build/kernel/components/lwp/lwp_user_mm.o
                0x00000000c0017d14                lwp_dup_user
 .text.lwp_brk  0x00000000c0017ff8      0x12c build/kernel/components/lwp/lwp_user_mm.o
                0x00000000c0017ff8                lwp_brk
 .text.lwp_mmap2
                0x00000000c0018124      0x110 build/kernel/components/lwp/lwp_user_mm.o
                0x00000000c0018124                lwp_mmap2
 .text.lwp_munmap
                0x00000000c0018234       0x34 build/kernel/components/lwp/lwp_user_mm.o
                0x00000000c0018234                lwp_munmap
 .text.lwp_get_from_user
                0x00000000c0018268       0xb4 build/kernel/components/lwp/lwp_user_mm.o
                0x00000000c0018268                lwp_get_from_user
 .text.lwp_put_to_user
                0x00000000c001831c       0xb4 build/kernel/components/lwp/lwp_user_mm.o
                0x00000000c001831c                lwp_put_to_user
 .text.lwp_user_accessable
                0x00000000c00183d0       0x8c build/kernel/components/lwp/lwp_user_mm.o
                0x00000000c00183d0                lwp_user_accessable
 .text.lwp_elf_reloc
                0x00000000c001845c      0x134 build/kernel/components/lwp/arch/arm/common/reloc.o
                0x00000000c001845c                lwp_elf_reloc
 .text.arch_user_space_init
                0x00000000c0018590       0x88 build/kernel/components/lwp/arch/arm/arm926/arch_user_space_init.o
                0x00000000c0018590                arch_user_space_init
 .text.arch_kernel_mmu_table_get
                0x00000000c0018618        0xc build/kernel/components/lwp/arch/arm/arm926/arch_user_space_init.o
                0x00000000c0018618                arch_kernel_mmu_table_get
 .text.arch_kuser_init
                0x00000000c0018624       0x68 build/kernel/components/lwp/arch/arm/arm926/arch_user_space_init.o
                0x00000000c0018624                arch_kuser_init
 .text.arch_user_space_vtable_free
                0x00000000c001868c       0x1c build/kernel/components/lwp/arch/arm/arm926/arch_user_space_init.o
                0x00000000c001868c                arch_user_space_vtable_free
 .text.arch_expand_user_stack
                0x00000000c00186a8       0x60 build/kernel/components/lwp/arch/arm/arm926/arch_user_stack.o
                0x00000000c00186a8                arch_expand_user_stack
 .text.finsh_system_init
                0x00000000c0018708       0xfc build/kernel/components/finsh/shell.o
                0x00000000c0018708                finsh_system_init
 .text.finsh_get_prompt
                0x00000000c0018804       0xb4 build/kernel/components/finsh/shell.o
                0x00000000c0018804                finsh_get_prompt
 .text.finsh_thread_entry
                0x00000000c00188b8      0x8c8 build/kernel/components/finsh/shell.o
                0x00000000c00188b8                finsh_thread_entry
 .text.hello    0x00000000c0019180       0x18 build/kernel/components/finsh/cmd.o
                0x00000000c0019180                hello
 .text.clear    0x00000000c0019198       0x18 build/kernel/components/finsh/cmd.o
 .text.version  0x00000000c00191b0       0x10 build/kernel/components/finsh/cmd.o
                0x00000000c00191b0                version
 .text.list     0x00000000c00191c0       0xa0 build/kernel/components/finsh/cmd.o
                0x00000000c00191c0                list
 .text.top      0x00000000c0019260      0x420 build/kernel/components/finsh/cmd.o
                0x00000000c0019260                top
 .text.top_tick_hook
                0x00000000c0019680       0x4c build/kernel/components/finsh/cmd.o
 .text.top_getchar_entry
                0x00000000c00196cc       0x30 build/kernel/components/finsh/cmd.o
 .text.list_memheap
                0x00000000c00196fc      0x21c build/kernel/components/finsh/cmd.o
                0x00000000c00196fc                list_memheap
 .text.list_device
                0x00000000c0019918      0x230 build/kernel/components/finsh/cmd.o
                0x00000000c0019918                list_device
 .text.list_mutex
                0x00000000c0019b48      0x23c build/kernel/components/finsh/cmd.o
                0x00000000c0019b48                list_mutex
 .text.list_timer
                0x00000000c0019d84      0x24c build/kernel/components/finsh/cmd.o
                0x00000000c0019d84                list_timer
 .text.list_event
                0x00000000c0019fd0      0x284 build/kernel/components/finsh/cmd.o
                0x00000000c0019fd0                list_event
 .text.list_sem
                0x00000000c001a254      0x28c build/kernel/components/finsh/cmd.o
                0x00000000c001a254                list_sem
 .text.list_msgqueue
                0x00000000c001a4e0      0x28c build/kernel/components/finsh/cmd.o
                0x00000000c001a4e0                list_msgqueue
 .text.list_mempool
                0x00000000c001a76c      0x2ac build/kernel/components/finsh/cmd.o
                0x00000000c001a76c                list_mempool
 .text.list_mailbox
                0x00000000c001aa18      0x29c build/kernel/components/finsh/cmd.o
                0x00000000c001aa18                list_mailbox
 .text.list_thread
                0x00000000c001acb4      0x2d8 build/kernel/components/finsh/cmd.o
                0x00000000c001acb4                list_thread
 .text.msh_split
                0x00000000c001af8c      0x1f8 build/kernel/components/finsh/msh.o
 .text.msh_help
                0x00000000c001b184       0xa8 build/kernel/components/finsh/msh.o
                0x00000000c001b184                msh_help
 .text.cmd_ps   0x00000000c001b22c       0x10 build/kernel/components/finsh/msh.o
                0x00000000c001b22c                cmd_ps
 .text.cmd_free
                0x00000000c001b23c       0x10 build/kernel/components/finsh/msh.o
                0x00000000c001b23c                cmd_free
 .text.msh_auto_complete_path.part.1
                0x00000000c001b24c      0x378 build/kernel/components/finsh/msh.o
 .text.msh_exec
                0x00000000c001b5c4      0x2c0 build/kernel/components/finsh/msh.o
                0x00000000c001b5c4                msh_exec
 .text.msh_exec_script
                0x00000000c001b884      0x260 build/kernel/components/finsh/msh.o
                0x00000000c001b884                msh_exec_script
 .text.msh_auto_complete
                0x00000000c001bae4      0x270 build/kernel/components/finsh/msh.o
                0x00000000c001bae4                msh_auto_complete
 .text.cmd_ls   0x00000000c001bd54       0x20 build/kernel/components/finsh/msh_file.o
                0x00000000c001bd54                cmd_ls
 .text.cmd_pwd  0x00000000c001bd74       0x20 build/kernel/components/finsh/msh_file.o
                0x00000000c001bd74                cmd_pwd
 .text.msh_deltree
                0x00000000c001bd94      0x17c build/kernel/components/finsh/msh_file.o
 .text.cmd_rm   0x00000000c001bf10      0x1bc build/kernel/components/finsh/msh_file.o
                0x00000000c001bf10                cmd_rm
 .text.cmd_mkfs
                0x00000000c001c0cc       0x8c build/kernel/components/finsh/msh_file.o
                0x00000000c001c0cc                cmd_mkfs
 .text.cmd_cp   0x00000000c001c158       0x3c build/kernel/components/finsh/msh_file.o
                0x00000000c001c158                cmd_cp
 .text.cmd_mv   0x00000000c001c194      0x16c build/kernel/components/finsh/msh_file.o
                0x00000000c001c194                cmd_mv
 .text.cmd_cat  0x00000000c001c300       0x54 build/kernel/components/finsh/msh_file.o
                0x00000000c001c300                cmd_cat
 .text.cmd_cd   0x00000000c001c354       0x70 build/kernel/components/finsh/msh_file.o
                0x00000000c001c354                cmd_cd
 .text.cmd_mkdir
                0x00000000c001c3c4       0x40 build/kernel/components/finsh/msh_file.o
                0x00000000c001c3c4                cmd_mkdir
 .text.cmd_df   0x00000000c001c404       0x78 build/kernel/components/finsh/msh_file.o
                0x00000000c001c404                cmd_df
 .text.cmd_echo
                0x00000000c001c47c       0xa4 build/kernel/components/finsh/msh_file.o
                0x00000000c001c47c                cmd_echo
 .text.cfgetospeed
                0x00000000c001c520       0x14 build/kernel/components/libc/termios/posix_termios.o
                0x00000000c001c520                cfgetospeed
 .text.cfsetospeed
                0x00000000c001c534       0x44 build/kernel/components/libc/termios/posix_termios.o
                0x00000000c001c534                cfsetospeed
 .text.clock_time_system_init
                0x00000000c001c578       0x84 build/kernel/components/libc/time/clock_time.o
                0x00000000c001c578                clock_time_system_init
 .text.clock_time_to_tick
                0x00000000c001c5fc       0xe4 build/kernel/components/libc/time/clock_time.o
                0x00000000c001c5fc                clock_time_to_tick
 .text.aio_system_init
                0x00000000c001c6e0       0x58 build/kernel/components/libc/aio/posix_aio.o
                0x00000000c001c6e0                aio_system_init
 .text.libc_system_init
                0x00000000c001c738       0x38 build/kernel/components/libc/compilers/musl/libc.o
                0x00000000c001c738                libc_system_init
 .text.env_set  0x00000000c001c770       0xbc build/kernel/components/libc/compilers/musl/libc.o
                0x00000000c001c770                env_set
 .text.malloc   0x00000000c001c82c        0x4 build/kernel/components/libc/compilers/musl/mem.o
                0x00000000c001c82c                malloc
 .text.realloc  0x00000000c001c830        0x4 build/kernel/components/libc/compilers/musl/mem.o
                0x00000000c001c830                realloc
 .text.free     0x00000000c001c834        0x4 build/kernel/components/libc/compilers/musl/mem.o
                0x00000000c001c834                free
 .text.libc_stdio_set_console
                0x00000000c001c838       0xe4 build/kernel/components/libc/compilers/musl/stdio.o
                0x00000000c001c838                libc_stdio_set_console
 .text.list_fd  0x00000000c001c91c      0x19c build/kernel/components/dfs/src/dfs.o
                0x00000000c001c91c                list_fd
 .text.lsofp    0x00000000c001cab8      0x210 build/kernel/components/dfs/src/dfs.o
 .text.unmount  0x00000000c001ccc8       0x6c build/kernel/components/dfs/src/dfs.o
                0x00000000c001ccc8                unmount
 .text.dfs_init
                0x00000000c001cd34       0xf8 build/kernel/components/dfs/src/dfs.o
                0x00000000c001cd34                dfs_init
 .text.mount    0x00000000c001ce2c       0xfc build/kernel/components/dfs/src/dfs.o
                0x00000000c001ce2c                mount
 .text.lsof     0x00000000c001cf28       0xb8 build/kernel/components/dfs/src/dfs.o
                0x00000000c001cf28                lsof
 .text.dfs_lock
                0x00000000c001cfe0       0x44 build/kernel/components/dfs/src/dfs.o
                0x00000000c001cfe0                dfs_lock
 .text.dfs_fd_lock
                0x00000000c001d024       0x44 build/kernel/components/dfs/src/dfs.o
                0x00000000c001d024                dfs_fd_lock
 .text.dfs_unlock
                0x00000000c001d068        0xc build/kernel/components/dfs/src/dfs.o
                0x00000000c001d068                dfs_unlock
 .text.dfs_fd_unlock
                0x00000000c001d074        0xc build/kernel/components/dfs/src/dfs.o
                0x00000000c001d074                dfs_fd_unlock
 .text.fdt_fd_new
                0x00000000c001d080      0x180 build/kernel/components/dfs/src/dfs.o
                0x00000000c001d080                fdt_fd_new
 .text.fd_new   0x00000000c001d200      0x194 build/kernel/components/dfs/src/dfs.o
                0x00000000c001d200                fd_new
 .text.fdt_fd_get
                0x00000000c001d394       0xa8 build/kernel/components/dfs/src/dfs.o
                0x00000000c001d394                fdt_fd_get
 .text.fd_get   0x00000000c001d43c       0xc0 build/kernel/components/dfs/src/dfs.o
                0x00000000c001d43c                fd_get
 .text.fdt_fd_release
                0x00000000c001d4fc      0x104 build/kernel/components/dfs/src/dfs.o
                0x00000000c001d4fc                fdt_fd_release
 .text.fd_release
                0x00000000c001d600      0x100 build/kernel/components/dfs/src/dfs.o
                0x00000000c001d600                fd_release